{"timestamp":"2025-08-24T13:01:19.774310","level":"info","event":"Filling up the DagBag from /opt/airflow/dags/my_first_airflow_dag.py","logger":"airflow.models.dagbag.DagBag"}
{"timestamp":"2025-08-24T13:01:19.829047","level":"error","event":"Failed to import: /opt/airflow/dags/my_first_airflow_dag.py","logger":"airflow.models.dagbag.DagBag","error_detail":[{"exc_type":"ModuleNotFoundError","exc_value":"No module named 'support'","exc_notes":[],"syntax_error":null,"is_cause":false,"frames":[{"filename":"/home/airflow/.local/lib/python3.12/site-packages/airflow/models/dagbag.py","lineno":394,"name":"parse"},{"filename":"<frozen importlib._bootstrap_external>","lineno":999,"name":"exec_module"},{"filename":"<frozen importlib._bootstrap>","lineno":488,"name":"_call_with_frames_removed"},{"filename":"/opt/airflow/dags/my_first_airflow_dag.py","lineno":8,"name":"<module>"}],"is_group":false,"exceptions":[]}]}
{"timestamp":"2025-08-24T13:01:51.975556","level":"info","event":"Filling up the DagBag from /opt/airflow/dags/my_first_airflow_dag.py","logger":"airflow.models.dagbag.DagBag"}
{"timestamp":"2025-08-24T13:01:51.990468","level":"error","event":"Failed to import: /opt/airflow/dags/my_first_airflow_dag.py","logger":"airflow.models.dagbag.DagBag","error_detail":[{"exc_type":"ModuleNotFoundError","exc_value":"No module named 'support'","exc_notes":[],"syntax_error":null,"is_cause":false,"frames":[{"filename":"/home/airflow/.local/lib/python3.12/site-packages/airflow/models/dagbag.py","lineno":394,"name":"parse"},{"filename":"<frozen importlib._bootstrap_external>","lineno":999,"name":"exec_module"},{"filename":"<frozen importlib._bootstrap>","lineno":488,"name":"_call_with_frames_removed"},{"filename":"/opt/airflow/dags/my_first_airflow_dag.py","lineno":8,"name":"<module>"}],"is_group":false,"exceptions":[]}]}
{"timestamp":"2025-08-24T13:02:22.879160","level":"info","event":"Filling up the DagBag from /opt/airflow/dags/my_first_airflow_dag.py","logger":"airflow.models.dagbag.DagBag"}
{"timestamp":"2025-08-24T13:02:22.886036","level":"error","event":"Failed to import: /opt/airflow/dags/my_first_airflow_dag.py","logger":"airflow.models.dagbag.DagBag","error_detail":[{"exc_type":"ModuleNotFoundError","exc_value":"No module named 'support'","exc_notes":[],"syntax_error":null,"is_cause":false,"frames":[{"filename":"/home/airflow/.local/lib/python3.12/site-packages/airflow/models/dagbag.py","lineno":394,"name":"parse"},{"filename":"<frozen importlib._bootstrap_external>","lineno":999,"name":"exec_module"},{"filename":"<frozen importlib._bootstrap>","lineno":488,"name":"_call_with_frames_removed"},{"filename":"/opt/airflow/dags/my_first_airflow_dag.py","lineno":8,"name":"<module>"}],"is_group":false,"exceptions":[]}]}
{"timestamp":"2025-08-24T13:02:53.199295","level":"info","event":"Filling up the DagBag from /opt/airflow/dags/my_first_airflow_dag.py","logger":"airflow.models.dagbag.DagBag"}
{"timestamp":"2025-08-24T13:02:53.214302","level":"error","event":"Failed to import: /opt/airflow/dags/my_first_airflow_dag.py","logger":"airflow.models.dagbag.DagBag","error_detail":[{"exc_type":"ModuleNotFoundError","exc_value":"No module named 'support'","exc_notes":[],"syntax_error":null,"is_cause":false,"frames":[{"filename":"/home/airflow/.local/lib/python3.12/site-packages/airflow/models/dagbag.py","lineno":394,"name":"parse"},{"filename":"<frozen importlib._bootstrap_external>","lineno":999,"name":"exec_module"},{"filename":"<frozen importlib._bootstrap>","lineno":488,"name":"_call_with_frames_removed"},{"filename":"/opt/airflow/dags/my_first_airflow_dag.py","lineno":8,"name":"<module>"}],"is_group":false,"exceptions":[]}]}
{"timestamp":"2025-08-24T13:03:23.445389","level":"info","event":"Filling up the DagBag from /opt/airflow/dags/my_first_airflow_dag.py","logger":"airflow.models.dagbag.DagBag"}
{"timestamp":"2025-08-24T13:03:23.459565","level":"error","event":"Failed to import: /opt/airflow/dags/my_first_airflow_dag.py","logger":"airflow.models.dagbag.DagBag","error_detail":[{"exc_type":"ModuleNotFoundError","exc_value":"No module named 'support'","exc_notes":[],"syntax_error":null,"is_cause":false,"frames":[{"filename":"/home/airflow/.local/lib/python3.12/site-packages/airflow/models/dagbag.py","lineno":394,"name":"parse"},{"filename":"<frozen importlib._bootstrap_external>","lineno":999,"name":"exec_module"},{"filename":"<frozen importlib._bootstrap>","lineno":488,"name":"_call_with_frames_removed"},{"filename":"/opt/airflow/dags/my_first_airflow_dag.py","lineno":8,"name":"<module>"}],"is_group":false,"exceptions":[]}]}
{"timestamp":"2025-08-24T13:04:01.438440","level":"info","event":"Filling up the DagBag from /opt/airflow/dags/my_first_airflow_dag.py","logger":"airflow.models.dagbag.DagBag"}
{"timestamp":"2025-08-24T13:04:01.450923","level":"error","event":"Failed to import: /opt/airflow/dags/my_first_airflow_dag.py","logger":"airflow.models.dagbag.DagBag","error_detail":[{"exc_type":"ModuleNotFoundError","exc_value":"No module named 'support'","exc_notes":[],"syntax_error":null,"is_cause":false,"frames":[{"filename":"/home/airflow/.local/lib/python3.12/site-packages/airflow/models/dagbag.py","lineno":394,"name":"parse"},{"filename":"<frozen importlib._bootstrap_external>","lineno":999,"name":"exec_module"},{"filename":"<frozen importlib._bootstrap>","lineno":488,"name":"_call_with_frames_removed"},{"filename":"/opt/airflow/dags/my_first_airflow_dag.py","lineno":8,"name":"<module>"}],"is_group":false,"exceptions":[]}]}
{"timestamp":"2025-08-24T13:04:33.465119","level":"info","event":"Filling up the DagBag from /opt/airflow/dags/my_first_airflow_dag.py","logger":"airflow.models.dagbag.DagBag"}
{"timestamp":"2025-08-24T13:04:33.472689","level":"error","event":"Failed to import: /opt/airflow/dags/my_first_airflow_dag.py","logger":"airflow.models.dagbag.DagBag","error_detail":[{"exc_type":"ModuleNotFoundError","exc_value":"No module named 'support'","exc_notes":[],"syntax_error":null,"is_cause":false,"frames":[{"filename":"/home/airflow/.local/lib/python3.12/site-packages/airflow/models/dagbag.py","lineno":394,"name":"parse"},{"filename":"<frozen importlib._bootstrap_external>","lineno":999,"name":"exec_module"},{"filename":"<frozen importlib._bootstrap>","lineno":488,"name":"_call_with_frames_removed"},{"filename":"/opt/airflow/dags/my_first_airflow_dag.py","lineno":8,"name":"<module>"}],"is_group":false,"exceptions":[]}]}
{"timestamp":"2025-08-24T13:05:03.851214","level":"info","event":"Filling up the DagBag from /opt/airflow/dags/my_first_airflow_dag.py","logger":"airflow.models.dagbag.DagBag"}
{"timestamp":"2025-08-24T13:05:03.867229","level":"error","event":"Failed to import: /opt/airflow/dags/my_first_airflow_dag.py","logger":"airflow.models.dagbag.DagBag","error_detail":[{"exc_type":"ModuleNotFoundError","exc_value":"No module named 'support'","exc_notes":[],"syntax_error":null,"is_cause":false,"frames":[{"filename":"/home/airflow/.local/lib/python3.12/site-packages/airflow/models/dagbag.py","lineno":394,"name":"parse"},{"filename":"<frozen importlib._bootstrap_external>","lineno":999,"name":"exec_module"},{"filename":"<frozen importlib._bootstrap>","lineno":488,"name":"_call_with_frames_removed"},{"filename":"/opt/airflow/dags/my_first_airflow_dag.py","lineno":8,"name":"<module>"}],"is_group":false,"exceptions":[]}]}
{"timestamp":"2025-08-24T13:05:34.563761","level":"info","event":"Filling up the DagBag from /opt/airflow/dags/my_first_airflow_dag.py","logger":"airflow.models.dagbag.DagBag"}
{"timestamp":"2025-08-24T13:05:34.570778","level":"error","event":"Failed to import: /opt/airflow/dags/my_first_airflow_dag.py","logger":"airflow.models.dagbag.DagBag","error_detail":[{"exc_type":"ModuleNotFoundError","exc_value":"No module named 'support'","exc_notes":[],"syntax_error":null,"is_cause":false,"frames":[{"filename":"/home/airflow/.local/lib/python3.12/site-packages/airflow/models/dagbag.py","lineno":394,"name":"parse"},{"filename":"<frozen importlib._bootstrap_external>","lineno":999,"name":"exec_module"},{"filename":"<frozen importlib._bootstrap>","lineno":488,"name":"_call_with_frames_removed"},{"filename":"/opt/airflow/dags/my_first_airflow_dag.py","lineno":8,"name":"<module>"}],"is_group":false,"exceptions":[]}]}
{"timestamp":"2025-08-24T13:06:05.381366","level":"info","event":"Filling up the DagBag from /opt/airflow/dags/my_first_airflow_dag.py","logger":"airflow.models.dagbag.DagBag"}
{"timestamp":"2025-08-24T13:06:05.390747","level":"error","event":"Failed to import: /opt/airflow/dags/my_first_airflow_dag.py","logger":"airflow.models.dagbag.DagBag","error_detail":[{"exc_type":"ModuleNotFoundError","exc_value":"No module named 'support'","exc_notes":[],"syntax_error":null,"is_cause":false,"frames":[{"filename":"/home/airflow/.local/lib/python3.12/site-packages/airflow/models/dagbag.py","lineno":394,"name":"parse"},{"filename":"<frozen importlib._bootstrap_external>","lineno":999,"name":"exec_module"},{"filename":"<frozen importlib._bootstrap>","lineno":488,"name":"_call_with_frames_removed"},{"filename":"/opt/airflow/dags/my_first_airflow_dag.py","lineno":8,"name":"<module>"}],"is_group":false,"exceptions":[]}]}
{"timestamp":"2025-08-24T13:06:35.550135","level":"info","event":"Filling up the DagBag from /opt/airflow/dags/my_first_airflow_dag.py","logger":"airflow.models.dagbag.DagBag"}
{"timestamp":"2025-08-24T13:06:35.559912","level":"error","event":"Failed to import: /opt/airflow/dags/my_first_airflow_dag.py","logger":"airflow.models.dagbag.DagBag","error_detail":[{"exc_type":"ModuleNotFoundError","exc_value":"No module named 'support'","exc_notes":[],"syntax_error":null,"is_cause":false,"frames":[{"filename":"/home/airflow/.local/lib/python3.12/site-packages/airflow/models/dagbag.py","lineno":394,"name":"parse"},{"filename":"<frozen importlib._bootstrap_external>","lineno":999,"name":"exec_module"},{"filename":"<frozen importlib._bootstrap>","lineno":488,"name":"_call_with_frames_removed"},{"filename":"/opt/airflow/dags/my_first_airflow_dag.py","lineno":8,"name":"<module>"}],"is_group":false,"exceptions":[]}]}
{"timestamp":"2025-08-24T13:08:28.339989","level":"info","event":"Filling up the DagBag from /opt/airflow/dags/my_first_airflow_dag.py","logger":"airflow.models.dagbag.DagBag"}
{"timestamp":"2025-08-24T13:09:01.857972","level":"info","event":"Filling up the DagBag from /opt/airflow/dags/my_first_airflow_dag.py","logger":"airflow.models.dagbag.DagBag"}
{"timestamp":"2025-08-24T13:11:39.911937","level":"info","event":"Filling up the DagBag from /opt/airflow/dags/my_first_airflow_dag.py","logger":"airflow.models.dagbag.DagBag"}
{"timestamp":"2025-08-24T13:12:12.757992","level":"info","event":"Filling up the DagBag from /opt/airflow/dags/my_first_airflow_dag.py","logger":"airflow.models.dagbag.DagBag"}
{"timestamp":"2025-08-24T13:12:43.219572","level":"info","event":"Filling up the DagBag from /opt/airflow/dags/my_first_airflow_dag.py","logger":"airflow.models.dagbag.DagBag"}
{"timestamp":"2025-08-24T13:13:13.723206","level":"info","event":"Filling up the DagBag from /opt/airflow/dags/my_first_airflow_dag.py","logger":"airflow.models.dagbag.DagBag"}
{"timestamp":"2025-08-24T13:13:44.227651","level":"info","event":"Filling up the DagBag from /opt/airflow/dags/my_first_airflow_dag.py","logger":"airflow.models.dagbag.DagBag"}
{"timestamp":"2025-08-24T13:14:14.705942","level":"info","event":"Filling up the DagBag from /opt/airflow/dags/my_first_airflow_dag.py","logger":"airflow.models.dagbag.DagBag"}
{"timestamp":"2025-08-24T13:14:30.984462","level":"info","event":"Filling up the DagBag from /opt/airflow/dags/my_first_airflow_dag.py","logger":"airflow.models.dagbag.DagBag"}
{"timestamp":"2025-08-24T13:14:31.009270","level":"info","event":"Executing Task callback at index 0: failure_callback","logger":"task"}
{"timestamp":"2025-08-24T13:14:31.013116Z","level":"info","event":"failure_callback","chan":"stdout","logger":"processor"}
{"timestamp":"2025-08-24T13:14:31.014019Z","level":"info","event":"context = {'dag': <DAG: my_first_airflow_dag>, 'inlets': [], 'map_index_template': None, 'outlets': [], 'run_id': 'scheduled__2025-08-23T23:00:00+00:00', 'task': <Task(BashOperator): print_date>, 'task_instance': RuntimeTaskInstance(id=UUID('0198dc37-34cd-7173-aa63-0d63850817d4'), task_id='print_date', dag_id='my_first_airflow_dag', run_id='scheduled__2025-08-23T23:00:00+00:00', try_number=1, map_index=-1, hostname='', context_carrier=None, task=<Task(BashOperator): print_date>, max_tries=1, end_date=None, state=None, is_mapped=None, rendered_map_index=None, log_url=None), 'ti': RuntimeTaskInstance(id=UUID('0198dc37-34cd-7173-aa63-0d63850817d4'), task_id='print_date', dag_id='my_first_airflow_dag', run_id='scheduled__2025-08-23T23:00:00+00:00', try_number=1, map_index=-1, hostname='', context_carrier=None, task=<Task(BashOperator): print_date>, max_tries=1, end_date=None, state=None, is_mapped=None, rendered_map_index=None, log_url=None), 'outlet_events': <airflow.sdk.execution_time.context.OutletEventAccessors object at 0xffffb02775f0>, 'inlet_events': InletEventsAccessors(_inlets=[], _assets={}, _asset_aliases={}), 'macros': <MacrosAccessor (dynamic access to macros)>, 'params': {}, 'var': {'json': <VariableAccessor (dynamic access)>, 'value': <VariableAccessor (dynamic access)>}, 'conn': <ConnectionAccessor (dynamic access)>, 'dag_run': DagRun(dag_id='my_first_airflow_dag', run_id='scheduled__2025-08-23T23:00:00+00:00', logical_date=datetime.datetime(2025, 8, 23, 23, 0, tzinfo=Timezone('UTC')), data_interval_start=datetime.datetime(2025, 8, 23, 23, 0, tzinfo=Timezone('UTC')), data_interval_end=datetime.datetime(2025, 8, 23, 23, 0, tzinfo=Timezone('UTC')), run_after=datetime.datetime(2025, 8, 23, 23, 0, tzinfo=Timezone('UTC')), start_date=datetime.datetime(2025, 8, 24, 13, 14, 22, 301607, tzinfo=Timezone('UTC')), end_date=None, clear_number=0, run_type=<DagRunType.SCHEDULED: 'scheduled'>, conf={}, consumed_asset_events=[]), 'triggering_asset_events': TriggeringAssetEventsAccessor(_events=defaultdict(<class 'list'>, {})), 'task_instance_key_str': 'my_first_airflow_dag__print_date__20250823', 'task_reschedule_count': 0, 'prev_start_date_success': <Proxy at 0xffffafd3a990 with factory <function RuntimeTaskInstance.get_template_context.<locals>.<lambda> at 0xffffb4b10720>>, 'prev_end_date_success': <Proxy at 0xffffafd38ce0 with factory <function RuntimeTaskInstance.get_template_context.<locals>.<lambda> at 0xffffb4b9ab60>>, 'logical_date': DateTime(2025, 8, 23, 23, 0, 0, tzinfo=Timezone('UTC')), 'ds': '2025-08-23', 'ds_nodash': '20250823', 'ts': '2025-08-23T23:00:00+00:00', 'ts_nodash': '20250823T230000', 'ts_nodash_with_tz': '20250823T230000+0000', 'data_interval_end': DateTime(2025, 8, 23, 23, 0, 0, tzinfo=Timezone('UTC')), 'data_interval_start': DateTime(2025, 8, 23, 23, 0, 0, tzinfo=Timezone('UTC')), 'prev_data_interval_start_success': <Proxy at 0xffffafd38980 with factory <function RuntimeTaskInstance.get_template_context.<locals>.<lambda> at 0xffffb02c05e0>>, 'prev_data_interval_end_success': <Proxy at 0xffffafd3b380 with factory <function RuntimeTaskInstance.get_template_context.<locals>.<lambda> at 0xffffb02c0680>>}","chan":"stdout","logger":"processor"}
{"timestamp":"2025-08-24T13:15:01.510329","level":"info","event":"Filling up the DagBag from /opt/airflow/dags/my_first_airflow_dag.py","logger":"airflow.models.dagbag.DagBag"}
{"timestamp":"2025-08-24T13:15:32.006958","level":"info","event":"Filling up the DagBag from /opt/airflow/dags/my_first_airflow_dag.py","logger":"airflow.models.dagbag.DagBag"}
{"timestamp":"2025-08-24T13:16:02.581314","level":"info","event":"Filling up the DagBag from /opt/airflow/dags/my_first_airflow_dag.py","logger":"airflow.models.dagbag.DagBag"}
{"timestamp":"2025-08-24T13:16:33.089340","level":"info","event":"Filling up the DagBag from /opt/airflow/dags/my_first_airflow_dag.py","logger":"airflow.models.dagbag.DagBag"}
{"timestamp":"2025-08-24T13:17:03.532274","level":"info","event":"Filling up the DagBag from /opt/airflow/dags/my_first_airflow_dag.py","logger":"airflow.models.dagbag.DagBag"}
{"timestamp":"2025-08-24T13:17:34.025961","level":"info","event":"Filling up the DagBag from /opt/airflow/dags/my_first_airflow_dag.py","logger":"airflow.models.dagbag.DagBag"}
{"timestamp":"2025-08-24T13:18:04.551255","level":"info","event":"Filling up the DagBag from /opt/airflow/dags/my_first_airflow_dag.py","logger":"airflow.models.dagbag.DagBag"}
{"timestamp":"2025-08-24T13:18:35.131257","level":"info","event":"Filling up the DagBag from /opt/airflow/dags/my_first_airflow_dag.py","logger":"airflow.models.dagbag.DagBag"}
{"timestamp":"2025-08-24T13:19:05.701429","level":"info","event":"Filling up the DagBag from /opt/airflow/dags/my_first_airflow_dag.py","logger":"airflow.models.dagbag.DagBag"}
{"timestamp":"2025-08-24T13:19:35.182663","level":"info","event":"Filling up the DagBag from /opt/airflow/dags/my_first_airflow_dag.py","logger":"airflow.models.dagbag.DagBag"}
{"timestamp":"2025-08-24T13:19:35.205542","level":"info","event":"Executing Task callback at index 0: failure_callback","logger":"task"}
{"timestamp":"2025-08-24T13:19:35.209662Z","level":"info","event":"failure_callback","chan":"stdout","logger":"processor"}
{"timestamp":"2025-08-24T13:19:35.210027Z","level":"info","event":"context = {'dag': <DAG: my_first_airflow_dag>, 'inlets': [], 'map_index_template': None, 'outlets': [], 'run_id': 'scheduled__2025-08-23T23:00:00+00:00', 'task': <Task(BashOperator): print_date>, 'task_instance': RuntimeTaskInstance(id=UUID('0198dc37-34cd-7173-aa63-0d63850817d4'), task_id='print_date', dag_id='my_first_airflow_dag', run_id='scheduled__2025-08-23T23:00:00+00:00', try_number=2, map_index=-1, hostname='', context_carrier=None, task=<Task(BashOperator): print_date>, max_tries=1, end_date=None, state=None, is_mapped=None, rendered_map_index=None, log_url=None), 'ti': RuntimeTaskInstance(id=UUID('0198dc37-34cd-7173-aa63-0d63850817d4'), task_id='print_date', dag_id='my_first_airflow_dag', run_id='scheduled__2025-08-23T23:00:00+00:00', try_number=2, map_index=-1, hostname='', context_carrier=None, task=<Task(BashOperator): print_date>, max_tries=1, end_date=None, state=None, is_mapped=None, rendered_map_index=None, log_url=None), 'outlet_events': <airflow.sdk.execution_time.context.OutletEventAccessors object at 0xffffb02f9dc0>, 'inlet_events': InletEventsAccessors(_inlets=[], _assets={}, _asset_aliases={}), 'macros': <MacrosAccessor (dynamic access to macros)>, 'params': {}, 'var': {'json': <VariableAccessor (dynamic access)>, 'value': <VariableAccessor (dynamic access)>}, 'conn': <ConnectionAccessor (dynamic access)>, 'dag_run': DagRun(dag_id='my_first_airflow_dag', run_id='scheduled__2025-08-23T23:00:00+00:00', logical_date=datetime.datetime(2025, 8, 23, 23, 0, tzinfo=Timezone('UTC')), data_interval_start=datetime.datetime(2025, 8, 23, 23, 0, tzinfo=Timezone('UTC')), data_interval_end=datetime.datetime(2025, 8, 23, 23, 0, tzinfo=Timezone('UTC')), run_after=datetime.datetime(2025, 8, 23, 23, 0, tzinfo=Timezone('UTC')), start_date=datetime.datetime(2025, 8, 24, 13, 14, 22, 301607, tzinfo=Timezone('UTC')), end_date=None, clear_number=0, run_type=<DagRunType.SCHEDULED: 'scheduled'>, conf={}, consumed_asset_events=[]), 'triggering_asset_events': TriggeringAssetEventsAccessor(_events=defaultdict(<class 'list'>, {})), 'task_instance_key_str': 'my_first_airflow_dag__print_date__20250823', 'task_reschedule_count': 0, 'prev_start_date_success': <Proxy at 0xffffb02fb980 with factory <function RuntimeTaskInstance.get_template_context.<locals>.<lambda> at 0xffffb4b10720>>, 'prev_end_date_success': <Proxy at 0xffffb02fb2f0 with factory <function RuntimeTaskInstance.get_template_context.<locals>.<lambda> at 0xffffb0515b20>>, 'logical_date': DateTime(2025, 8, 23, 23, 0, 0, tzinfo=Timezone('UTC')), 'ds': '2025-08-23', 'ds_nodash': '20250823', 'ts': '2025-08-23T23:00:00+00:00', 'ts_nodash': '20250823T230000', 'ts_nodash_with_tz': '20250823T230000+0000', 'data_interval_end': DateTime(2025, 8, 23, 23, 0, 0, tzinfo=Timezone('UTC')), 'data_interval_start': DateTime(2025, 8, 23, 23, 0, 0, tzinfo=Timezone('UTC')), 'prev_data_interval_start_success': <Proxy at 0xffffafd338c0 with factory <function RuntimeTaskInstance.get_template_context.<locals>.<lambda> at 0xffffb032b420>>, 'prev_data_interval_end_success': <Proxy at 0xffffafd33290 with factory <function RuntimeTaskInstance.get_template_context.<locals>.<lambda> at 0xffffb032bec0>>}","chan":"stdout","logger":"processor"}
{"timestamp":"2025-08-24T13:20:05.782681","level":"info","event":"Filling up the DagBag from /opt/airflow/dags/my_first_airflow_dag.py","logger":"airflow.models.dagbag.DagBag"}
{"timestamp":"2025-08-24T13:20:36.279092","level":"info","event":"Filling up the DagBag from /opt/airflow/dags/my_first_airflow_dag.py","logger":"airflow.models.dagbag.DagBag"}
{"timestamp":"2025-08-24T13:21:06.879352","level":"info","event":"Filling up the DagBag from /opt/airflow/dags/my_first_airflow_dag.py","logger":"airflow.models.dagbag.DagBag"}
{"timestamp":"2025-08-24T13:21:37.355140","level":"info","event":"Filling up the DagBag from /opt/airflow/dags/my_first_airflow_dag.py","logger":"airflow.models.dagbag.DagBag"}
{"timestamp":"2025-08-24T13:21:54.767899","level":"info","event":"Filling up the DagBag from /opt/airflow/dags/my_first_airflow_dag.py","logger":"airflow.models.dagbag.DagBag"}
{"timestamp":"2025-08-24T13:22:25.339527","level":"info","event":"Filling up the DagBag from /opt/airflow/dags/my_first_airflow_dag.py","logger":"airflow.models.dagbag.DagBag"}
{"timestamp":"2025-08-24T13:22:31.572787","level":"info","event":"Filling up the DagBag from /opt/airflow/dags/my_first_airflow_dag.py","logger":"airflow.models.dagbag.DagBag"}
{"timestamp":"2025-08-24T13:23:02.204245","level":"info","event":"Filling up the DagBag from /opt/airflow/dags/my_first_airflow_dag.py","logger":"airflow.models.dagbag.DagBag"}
{"timestamp":"2025-08-24T13:23:32.768268","level":"info","event":"Filling up the DagBag from /opt/airflow/dags/my_first_airflow_dag.py","logger":"airflow.models.dagbag.DagBag"}
{"timestamp":"2025-08-24T13:24:03.477115","level":"info","event":"Filling up the DagBag from /opt/airflow/dags/my_first_airflow_dag.py","logger":"airflow.models.dagbag.DagBag"}
{"timestamp":"2025-08-24T13:24:15.791833","level":"info","event":"Filling up the DagBag from /opt/airflow/dags/my_first_airflow_dag.py","logger":"airflow.models.dagbag.DagBag"}
{"timestamp":"2025-08-24T13:24:28.200996","level":"info","event":"Filling up the DagBag from /opt/airflow/dags/my_first_airflow_dag.py","logger":"airflow.models.dagbag.DagBag"}
{"timestamp":"2025-08-24T13:24:40.485695","level":"info","event":"Filling up the DagBag from /opt/airflow/dags/my_first_airflow_dag.py","logger":"airflow.models.dagbag.DagBag"}
{"timestamp":"2025-08-24T13:25:11.070695","level":"info","event":"Filling up the DagBag from /opt/airflow/dags/my_first_airflow_dag.py","logger":"airflow.models.dagbag.DagBag"}
{"timestamp":"2025-08-24T13:25:33.596234","level":"info","event":"Filling up the DagBag from /opt/airflow/dags/my_first_airflow_dag.py","logger":"airflow.models.dagbag.DagBag"}
{"timestamp":"2025-08-24T13:25:35.685356","level":"info","event":"Filling up the DagBag from /opt/airflow/dags/my_first_airflow_dag.py","logger":"airflow.models.dagbag.DagBag"}
{"timestamp":"2025-08-24T13:26:06.173703","level":"info","event":"Filling up the DagBag from /opt/airflow/dags/my_first_airflow_dag.py","logger":"airflow.models.dagbag.DagBag"}
{"timestamp":"2025-08-24T13:26:36.785924","level":"info","event":"Filling up the DagBag from /opt/airflow/dags/my_first_airflow_dag.py","logger":"airflow.models.dagbag.DagBag"}
{"timestamp":"2025-08-24T13:27:07.277590","level":"info","event":"Filling up the DagBag from /opt/airflow/dags/my_first_airflow_dag.py","logger":"airflow.models.dagbag.DagBag"}
{"timestamp":"2025-08-24T13:27:37.854041","level":"info","event":"Filling up the DagBag from /opt/airflow/dags/my_first_airflow_dag.py","logger":"airflow.models.dagbag.DagBag"}
{"timestamp":"2025-08-24T13:28:08.390147","level":"info","event":"Filling up the DagBag from /opt/airflow/dags/my_first_airflow_dag.py","logger":"airflow.models.dagbag.DagBag"}
{"timestamp":"2025-08-24T13:28:38.952121","level":"info","event":"Filling up the DagBag from /opt/airflow/dags/my_first_airflow_dag.py","logger":"airflow.models.dagbag.DagBag"}
{"timestamp":"2025-08-24T13:29:09.549280","level":"info","event":"Filling up the DagBag from /opt/airflow/dags/my_first_airflow_dag.py","logger":"airflow.models.dagbag.DagBag"}
{"timestamp":"2025-08-24T13:29:40.087216","level":"info","event":"Filling up the DagBag from /opt/airflow/dags/my_first_airflow_dag.py","logger":"airflow.models.dagbag.DagBag"}
{"timestamp":"2025-08-24T13:30:10.710127","level":"info","event":"Filling up the DagBag from /opt/airflow/dags/my_first_airflow_dag.py","logger":"airflow.models.dagbag.DagBag"}
{"timestamp":"2025-08-24T13:30:41.247860","level":"info","event":"Filling up the DagBag from /opt/airflow/dags/my_first_airflow_dag.py","logger":"airflow.models.dagbag.DagBag"}
{"timestamp":"2025-08-24T13:31:11.776345","level":"info","event":"Filling up the DagBag from /opt/airflow/dags/my_first_airflow_dag.py","logger":"airflow.models.dagbag.DagBag"}
{"timestamp":"2025-08-24T13:31:42.287533","level":"info","event":"Filling up the DagBag from /opt/airflow/dags/my_first_airflow_dag.py","logger":"airflow.models.dagbag.DagBag"}
{"timestamp":"2025-08-24T13:32:12.784376","level":"info","event":"Filling up the DagBag from /opt/airflow/dags/my_first_airflow_dag.py","logger":"airflow.models.dagbag.DagBag"}
{"timestamp":"2025-08-24T13:32:43.297379","level":"info","event":"Filling up the DagBag from /opt/airflow/dags/my_first_airflow_dag.py","logger":"airflow.models.dagbag.DagBag"}
{"timestamp":"2025-08-24T13:33:17.457449","level":"info","event":"Filling up the DagBag from /opt/airflow/dags/my_first_airflow_dag.py","logger":"airflow.models.dagbag.DagBag"}
{"timestamp":"2025-08-24T13:33:48.046542","level":"info","event":"Filling up the DagBag from /opt/airflow/dags/my_first_airflow_dag.py","logger":"airflow.models.dagbag.DagBag"}
{"timestamp":"2025-08-24T13:34:18.402563","level":"info","event":"Filling up the DagBag from /opt/airflow/dags/my_first_airflow_dag.py","logger":"airflow.models.dagbag.DagBag"}
{"timestamp":"2025-08-24T13:34:48.870840","level":"info","event":"Filling up the DagBag from /opt/airflow/dags/my_first_airflow_dag.py","logger":"airflow.models.dagbag.DagBag"}
{"timestamp":"2025-08-24T13:35:19.301745","level":"info","event":"Filling up the DagBag from /opt/airflow/dags/my_first_airflow_dag.py","logger":"airflow.models.dagbag.DagBag"}
{"timestamp":"2025-08-24T13:35:49.801782","level":"info","event":"Filling up the DagBag from /opt/airflow/dags/my_first_airflow_dag.py","logger":"airflow.models.dagbag.DagBag"}
{"timestamp":"2025-08-24T13:36:20.190171","level":"info","event":"Filling up the DagBag from /opt/airflow/dags/my_first_airflow_dag.py","logger":"airflow.models.dagbag.DagBag"}
{"timestamp":"2025-08-24T13:36:50.784727","level":"info","event":"Filling up the DagBag from /opt/airflow/dags/my_first_airflow_dag.py","logger":"airflow.models.dagbag.DagBag"}
{"timestamp":"2025-08-24T13:37:21.294781","level":"info","event":"Filling up the DagBag from /opt/airflow/dags/my_first_airflow_dag.py","logger":"airflow.models.dagbag.DagBag"}
{"timestamp":"2025-08-24T13:37:51.839108","level":"info","event":"Filling up the DagBag from /opt/airflow/dags/my_first_airflow_dag.py","logger":"airflow.models.dagbag.DagBag"}
{"timestamp":"2025-08-24T13:38:22.288516","level":"info","event":"Filling up the DagBag from /opt/airflow/dags/my_first_airflow_dag.py","logger":"airflow.models.dagbag.DagBag"}
{"timestamp":"2025-08-24T13:38:52.760694","level":"info","event":"Filling up the DagBag from /opt/airflow/dags/my_first_airflow_dag.py","logger":"airflow.models.dagbag.DagBag"}
{"timestamp":"2025-08-24T13:39:23.301118","level":"info","event":"Filling up the DagBag from /opt/airflow/dags/my_first_airflow_dag.py","logger":"airflow.models.dagbag.DagBag"}
{"timestamp":"2025-08-24T13:39:53.765647","level":"info","event":"Filling up the DagBag from /opt/airflow/dags/my_first_airflow_dag.py","logger":"airflow.models.dagbag.DagBag"}
{"timestamp":"2025-08-24T13:40:24.209494","level":"info","event":"Filling up the DagBag from /opt/airflow/dags/my_first_airflow_dag.py","logger":"airflow.models.dagbag.DagBag"}
{"timestamp":"2025-08-24T13:40:54.624018","level":"info","event":"Filling up the DagBag from /opt/airflow/dags/my_first_airflow_dag.py","logger":"airflow.models.dagbag.DagBag"}
{"timestamp":"2025-08-24T13:41:25.143871","level":"info","event":"Filling up the DagBag from /opt/airflow/dags/my_first_airflow_dag.py","logger":"airflow.models.dagbag.DagBag"}
{"timestamp":"2025-08-24T13:41:55.822636","level":"info","event":"Filling up the DagBag from /opt/airflow/dags/my_first_airflow_dag.py","logger":"airflow.models.dagbag.DagBag"}
{"timestamp":"2025-08-24T13:42:26.354071","level":"info","event":"Filling up the DagBag from /opt/airflow/dags/my_first_airflow_dag.py","logger":"airflow.models.dagbag.DagBag"}
{"timestamp":"2025-08-24T13:42:56.920919","level":"info","event":"Filling up the DagBag from /opt/airflow/dags/my_first_airflow_dag.py","logger":"airflow.models.dagbag.DagBag"}
{"timestamp":"2025-08-24T13:43:27.492271","level":"info","event":"Filling up the DagBag from /opt/airflow/dags/my_first_airflow_dag.py","logger":"airflow.models.dagbag.DagBag"}
{"timestamp":"2025-08-24T13:43:57.879745","level":"info","event":"Filling up the DagBag from /opt/airflow/dags/my_first_airflow_dag.py","logger":"airflow.models.dagbag.DagBag"}
{"timestamp":"2025-08-24T13:44:28.433725","level":"info","event":"Filling up the DagBag from /opt/airflow/dags/my_first_airflow_dag.py","logger":"airflow.models.dagbag.DagBag"}
{"timestamp":"2025-08-24T13:44:58.981050","level":"info","event":"Filling up the DagBag from /opt/airflow/dags/my_first_airflow_dag.py","logger":"airflow.models.dagbag.DagBag"}
{"timestamp":"2025-08-24T13:45:29.374541","level":"info","event":"Filling up the DagBag from /opt/airflow/dags/my_first_airflow_dag.py","logger":"airflow.models.dagbag.DagBag"}
{"timestamp":"2025-08-24T13:45:59.879053","level":"info","event":"Filling up the DagBag from /opt/airflow/dags/my_first_airflow_dag.py","logger":"airflow.models.dagbag.DagBag"}
{"timestamp":"2025-08-24T13:46:30.380331","level":"info","event":"Filling up the DagBag from /opt/airflow/dags/my_first_airflow_dag.py","logger":"airflow.models.dagbag.DagBag"}
{"timestamp":"2025-08-24T13:47:17.378452","level":"info","event":"Filling up the DagBag from /opt/airflow/dags/my_first_airflow_dag.py","logger":"airflow.models.dagbag.DagBag"}
{"timestamp":"2025-08-24T13:47:49.438374","level":"info","event":"Filling up the DagBag from /opt/airflow/dags/my_first_airflow_dag.py","logger":"airflow.models.dagbag.DagBag"}
{"timestamp":"2025-08-24T13:48:19.899875","level":"info","event":"Filling up the DagBag from /opt/airflow/dags/my_first_airflow_dag.py","logger":"airflow.models.dagbag.DagBag"}
{"timestamp":"2025-08-24T13:48:50.386597","level":"info","event":"Filling up the DagBag from /opt/airflow/dags/my_first_airflow_dag.py","logger":"airflow.models.dagbag.DagBag"}
